
   FAIL  Tests\Feature\DashboardApiTest1
  Γ£ô get recent coΓÇª 0.31s  
  Γ¿» get audit logΓÇª 0.03s  
  Γ£ô send missingΓÇª  0.02s  
  Γ£ô get journal dΓÇª 0.02s  
  Γ£ô notary cannotΓÇª 0.02s  
  ΓöÇΓöÇΓöÇΓöÇΓöÇΓöÇΓöÇΓöÇΓöÇΓöÇΓöÇΓöÇΓöÇΓöÇΓöÇΓöÇΓöÇΓöÇΓöÇΓöÇΓöÇΓöÇ  
   FAILED  Tests\FeatuΓÇª   
  Failed asserting that null is identical to 'created'.

  at tests\Feature\DashboardApiTest1.php:159
    155Γûò                 'change_details_after',
    156Γûò             ]
    157Γûò         ]);
    158Γûò 
  Γ₧£ 159Γûò         $response->assertJsonPath('data.change_details_after.status', 'created');
    160Γûò     }
    161Γûò 
    162Γûò     /**
    163Γûò      * Lß╗ùi 3 (─æ├ú sß╗¡a): Send missing signature reminders logs activity


  Tests:    1 failed, 4 passed (41 assertions)
  Duration: 0.62s

